ansible
aom
assimp
awscli
bash
brotli
c-ares
ca-certificates
caddy
cairo
certifi
cf-cli@8
cffi
copilot-cli
coreutils
cryptography
dbus
docker
docker-completion
docker-compose
docker-credential-helper
double-conversion
fontconfig
freetype
fribidi
gcc
gd
gdbm
gettext
ghc
giflib
glib
gmp
gnu-typist
gnuplot
go
graphite2
groonga
gzip
harfbuzz
haskell-stack
highway
htop
hunspell
icu4c
imath
ipython
isl
jasper
jpeg-turbo
jpeg-xl
jq
krb5
libavif
libb2
libcerf
libevent
libmng
libmpc
libnghttp2
libpng
libpq
libssh
libtiff
libuv
libvmaf
libx11
libxau
libxcb
libxdmcp
libxext
libxrender
libyaml
little-cms2
lua
lz4
lzo
mariadb
md4c
mdp
mecab
mecab-ipadic
memcached
miniupnpc
mpdecimal
mpfr
msgpack
ncurses
node
oniguruma
openblas
openexr
openssl@3
pango
pcre2
pixman
pre-commit
pycparser
python@3.10
python@3.11
python@3.12
python@3.9
qt
r
readline
ripgrep
ruff
seaweedfs
sqlite
tcl-tk
terraform
tmux
transmission-cli
tree
utf8proc
webp
xorgproto
xz
zstd
chromium
firefox
google-chrome
libreoffice
microsoft-auto-update
orbstack
orion
pritunl
rectangle
